<html>
<body>
<pre>
<h1>µVision Build Log</h1>
<h2>Tool Versions:</h2>
IDE-Version: ¦ÌVision V5.18a
Copyright (C) 2016 ARM Ltd and ARM Germany GmbH. All rights reserved.
License Information: wg gang, whhh, LIC=65ISZ-JE72N-X79RZ-JIX0L-02QWL-5CLCK
 
Tool Versions:
Toolchain:       MDK-ARM Standard  Version: 5.18a
Toolchain Path:  D:\Program Files\Keil5\ARM\ARMCC\Bin
C Compiler:      Armcc.exe V5.06 update 1 (build 61)
Assembler:       Armasm.exe V5.06 update 1 (build 61)
Linker/Locator:  ArmLink.exe V5.06 update 1 (build 61)
Library Manager: ArmAr.exe V5.06 update 1 (build 61)
Hex Converter:   FromElf.exe V5.06 update 1 (build 61)
CPU DLL:         
Dialog DLL:      
Target DLL:      Segger\JL2CM3.dll V2.99.19.0
Dialog DLL:      TCM.DLL V1.14.8.0
 
<h2>Project:</h2>
D:\study\BLE\demo\E3150\examples\ble_peripheral\ble_app_uart\pca10040\s132\arm5_no_packs\ble_app_uart_pca10040_s132.uvprojx
Project File Date:  05/24/2021

<h2>Output:</h2>
*** Using Compiler 'V5.06 update 1 (build 61)', folder: 'D:\Program Files\Keil5\ARM\ARMCC\Bin'
Rebuild target 'nrf52832_xxaa'
compiling utf.c...
compiling ble_srv_common.c...
compiling ble_advdata.c...
compiling ble_link_ctx_manager.c...
compiling ble_conn_state.c...
compiling bsp_btn_ble.c...
compiling bsp.c...
compiling boards.c...
compiling ble_conn_params.c...
compiling nrf_ble_gatt.c...
compiling ble_advertising.c...
compiling nrf_ble_qwr.c...
compiling main.c...
compiling ble_nus.c...
compiling app_error.c...
compiling nrfx_atomic.c...
compiling nrfx_prs.c...
compiling nrfx_uart.c...
compiling nrfx_clock.c...
compiling nrfx_uarte.c...
compiling nrf_drv_uart.c...
compiling nrf_drv_clock.c...
compiling app_error_handler_keil.c...
compiling nrfx_gpiote.c...
compiling app_error_weak.c...
compiling app_button.c...
compiling nrf_assert.c...
compiling app_util_platform.c...
compiling app_fifo.c...
compiling app_scheduler.c...
compiling hardfault_implementation.c...
compiling nrf_atfifo.c...
compiling nrf_atomic.c...
compiling nrf_atflags.c...
compiling app_timer2.c...
compiling nrf_fprintf.c...
compiling app_uart_fifo.c...
compiling nrf_balloc.c...
compiling drv_rtc.c...
compiling nrf_fprintf_format.c...
compiling nrf_memobj.c...
compiling nrf_section_iter.c...
compiling nrf_pwr_mgmt.c...
compiling nrf_ringbuf.c...
compiling SEGGER_RTT_Syscalls_KEIL.c...
compiling nrf_strerror.c...
compiling nrf_sortlist.c...
compiling retarget.c...
assembling arm_startup_nrf52.s...
compiling nrf_log_default_backends.c...
compiling nrf_log_backend_serial.c...
compiling nrf_log_str_formatter.c...
compiling nrf_log_frontend.c...
compiling SEGGER_RTT.c...
compiling nrf_log_backend_rtt.c...
compiling system_nrf52.c...
compiling nrf_sdh_soc.c...
compiling SEGGER_RTT_printf.c...
compiling nrf_sdh.c...
compiling nrf_sdh_ble.c...
linking...
Program Size: Code=24748 RO-data=3624 RW-data=328 ZI-data=12888  
FromELF: creating hex file...
".\_build\nrf52832_xxaa.axf" - 0 Error(s), 0 Warning(s).

<h2>Software Packages used:</h2>

Package Vendor: ARM
                http://www.keil.com/pack/ARM.CMSIS.5.6.0.pack
                ARM::CMSIS:CORE:5.3.0
                CMSIS (Cortex Microcontroller Software Interface Standard)
   * Component: CORE Version: 5.3.0

Package Vendor: NordicSemiconductor
                http://developer.nordicsemi.com/nRF5_SDK/pieces/nRF_DeviceFamilyPack/NordicSemiconductor.nRF_DeviceFamilyPack.8.32.1.pack
                NordicSemiconductor::Device:Startup:8.32.1
                Nordic Semiconductor nRF ARM devices Device Family Pack with BSD license.
   * Component: Startup Version: 8.32.1

<h2>Collection of Component include folders:</h2>
  D:\study\BLE\demo\E3150\examples\ble_peripheral\ble_app_uart\pca10040\s132\arm5_no_packs\RTE
  D:\Program Files\Keil5\ARM\PACK\ARM\CMSIS\5.6.0\CMSIS\Core\Include
  D:\Program Files\Keil5\ARM\PACK\NordicSemiconductor\nRF_DeviceFamilyPack\8.32.1\Device\Include
  D:\Program Files\Keil5\ARM\PACK\NordicSemiconductor\nRF_DeviceFamilyPack\8.35.0\Device\Include

<h2>Collection of Component Files used:</h2>

   * Component: ARM::CMSIS:CORE:5.3.0

   * Component: NordicSemiconductor::Device:Startup:8.32.1
      Include file:  Device\Include\system_nrf.h
      Source file:   Device\Source\arm\arm_startup_nrf52.s
      Include file:  Device\Include\system_nrf52.h
      Source file:   Device\Source\system_nrf52.c
Build Time Elapsed:  00:00:16
</pre>
</body>
</html>
